// Jest Snapshot v1, https://goo.gl/fbAQLP

exports[`PokemonPage Componen debe de hacer match con el snapshot cuando cargan pokemons 1`] = `
<div>
  <div>
    <h1>¿Quién es este Pokémon?</h1>
    <div class="pokemon-container"><img src="https://raw.githubusercontent.com/PokeAPI/sprites/master/sprites/pokemon/other/dream-world/1.svg" alt="Pokemon" class="hidden-pokemon"></div>
    <div class="options-container">
      <ul>
        <li>bulbasaur</li>
        <li>ivysaur</li>
        <li>venusaur</li>
        <li>charmander</li>
      </ul>
    </div>
    <!--v-if-->
  </div>
</div>
`;

exports[`PokemonPage Componen debe hacer match con el snapshot 1`] = `
<div>
  <h1>Espere por favor...</h1>
</div>
`;
